2022-12-23 15:26:06,763 [ WARNING] A newer version (0.21) of nipype/pydra is available. You are using 0.19
trying to make new filename: model_features_274905953.csv
creating dataframe
The Zen of Python, by Tim Peters

Beautiful is better than ugly.
Explicit is better than implicit.
Simple is better than complex.
Complex is better than complicated.
Flat is better than nested.
Sparse is better than dense.
Readability counts.
Special cases aren't special enough to break the rules.
Although practicality beats purity.
Errors should never pass silently.
Unless explicitly silenced.
In the face of ambiguity, refuse the temptation to guess.
There should be one-- and preferably only one --obvious way to do it.
Although that way may not be obvious at first unless you're Dutch.
Now is better than never.
Although never is often better than *right* now.
If the implementation is hard to explain, it's a bad idea.
If the implementation is easy to explain, it may be a good idea.
Namespaces are one honking great idea -- let's do more of those!
reading /om2/user/shreyark/hbn_data/raw/phenotype/Child_Measures/Cognitive_Testing/Kaufman_Brief_Intelligence_Test-II.csv into dataframe
reading /om2/user/shreyark/hbn_data/raw/phenotype/Child_Measures/Cognitive_Testing/Wechsler_Individual_Achievement_Test_-_III.csv into dataframe
reading /om2/user/shreyark/hbn_data/raw/phenotype/Child_Measures/Cognitive_Testing/Wechsler_Intelligence_Scale_for_Children_-_V.csv into dataframe
reading /om2/user/shreyark/hbn_data/raw/phenotype/Child_Measures/Interview_of_Emotional_and_Psychological_Function/Negative_Life_Events_Scale_.csv into dataframe
reading /om2/user/shreyark/hbn_data/raw/phenotype/Child_Measures/Language_Tasks/Clinical_Evaluation_of_Language_Fundamentals.csv into dataframe
reading /om2/user/shreyark/hbn_data/raw/phenotype/Child_Measures/Language_Tasks/Clinical_Evaluation_of_Language_Fundamentals_-_Metalinguistics.csv into dataframe
reading /om2/user/shreyark/hbn_data/raw/phenotype/Child_Measures/Language_Tasks/Clinical_Evaluation_of_Language_Fundamentals__Screening_Test.csv into dataframe
reading /om2/user/shreyark/hbn_data/raw/phenotype/Child_Measures/Language_Tasks/Comprehensive_Test_of_Phonological_Processing_–_II.csv into dataframe
reading /om2/user/shreyark/hbn_data/raw/phenotype/Child_Measures/Language_Tasks/Expressive_Vocabulary_Test.csv into dataframe
reading /om2/user/shreyark/hbn_data/raw/phenotype/Child_Measures/Language_Tasks/Goldman-Fristoe_Test_of_Articulation_-_III.csv into dataframe
reading /om2/user/shreyark/hbn_data/raw/phenotype/Child_Measures/Language_Tasks/Peabody_Picture_Vocabulary_Test.csv into dataframe
reading /om2/user/shreyark/hbn_data/raw/phenotype/Child_Measures/Language_Tasks/Test_of_Word_Reading_Efficiency_-_II.csv into dataframe
reading /om2/user/shreyark/hbn_data/raw/phenotype/Child_Measures/Medical_Status_Measures/Drug_Screen.csv into dataframe
reading /om2/user/shreyark/hbn_data/raw/phenotype/Child_Measures/Medical_Status_Measures/Peterson_Puberty_Scale.csv into dataframe
reading /om2/user/shreyark/hbn_data/raw/phenotype/Child_Measures/Medical_Status_Measures/Pregnancy_Test.csv into dataframe
reading /om2/user/shreyark/hbn_data/raw/phenotype/Child_Measures/Motor_Skills/Grooved_Pegboard.csv into dataframe
reading /om2/user/shreyark/hbn_data/raw/phenotype/Child_Measures/Neurologic_Function/Electro-encephalography.csv into dataframe
reading /om2/user/shreyark/hbn_data/raw/phenotype/Child_Measures/Physical_Fitness_and_Status/Body_Composition.csv into dataframe
reading /om2/user/shreyark/hbn_data/raw/phenotype/Child_Measures/Physical_Fitness_and_Status/Edinburgh_Handedness.csv into dataframe
reading /om2/user/shreyark/hbn_data/raw/phenotype/Child_Measures/Physical_Fitness_and_Status/FitnessGram.csv into dataframe
reading /om2/user/shreyark/hbn_data/raw/phenotype/Child_Measures/Physical_Fitness_and_Status/Food_Frequency_Questionnaire-Screening_Form.csv into dataframe
reading /om2/user/shreyark/hbn_data/raw/phenotype/Child_Measures/Physical_Fitness_and_Status/Physical_Activity_Questionnaire_for_Adolescents_.csv into dataframe
reading /om2/user/shreyark/hbn_data/raw/phenotype/Child_Measures/Physical_Fitness_and_Status/Physical_Activity_Questionnaire_for_Older_Children_.csv into dataframe
reading /om2/user/shreyark/hbn_data/raw/phenotype/Child_Measures/Physiologic_Function/Physical_Measures.csv into dataframe
reading /om2/user/shreyark/hbn_data/raw/phenotype/Child_Measures/Questionnaire_Measures_of_Emotional_and_Cognitive_Status/Adult_Self_Report_.csv into dataframe
reading /om2/user/shreyark/hbn_data/raw/phenotype/Child_Measures/Questionnaire_Measures_of_Emotional_and_Cognitive_Status/Affective_Reactivity_Index_–_Self_Report.csv into dataframe
reading /om2/user/shreyark/hbn_data/raw/phenotype/Child_Measures/Questionnaire_Measures_of_Emotional_and_Cognitive_Status/Conners_ADHD_Rating_Scales_-_Self_Report__Short_Form.csv into dataframe
reading /om2/user/shreyark/hbn_data/raw/phenotype/Child_Measures/Questionnaire_Measures_of_Emotional_and_Cognitive_Status/Mood_and_Feelings_Questionnaire_–_Long_Version.csv into dataframe
reading /om2/user/shreyark/hbn_data/raw/phenotype/Child_Measures/Questionnaire_Measures_of_Emotional_and_Cognitive_Status/Screen_for_Child_Anxiety_Related_Disorders_-_Self-report.csv into dataframe
reading /om2/user/shreyark/hbn_data/raw/phenotype/Child_Measures/Questionnaire_Measures_of_Emotional_and_Cognitive_Status/The_Columbia_Impairment_Scale-Self_Report_Version.csv into dataframe
reading /om2/user/shreyark/hbn_data/raw/phenotype/Child_Measures/Questionnaire_Measures_of_Emotional_and_Cognitive_Status/WHO_Disability_Assessment_Schedule_–_Self_Report.csv into dataframe
reading /om2/user/shreyark/hbn_data/raw/phenotype/Child_Measures/Questionnaire_Measures_of_Emotional_and_Cognitive_Status/Youth_Self_Report.csv into dataframe
reading /om2/user/shreyark/hbn_data/raw/phenotype/Child_Measures/Questionnaire_Measures_of_Family_Structure_Stress_and_Trauma/Alabama_Parenting_Questionnaire_.csv into dataframe
reading /om2/user/shreyark/hbn_data/raw/phenotype/Child_Measures/Questionnaire_Measures_of_Family_Structure_Stress_and_Trauma/Children’s_Coping_Strategies_Checklist-Revised_.csv into dataframe
reading /om2/user/shreyark/hbn_data/raw/phenotype/Child_Measures/Questionnaire_Measures_of_Family_Structure_Stress_and_Trauma/Children’s_Perception_of_Interparental_Conflict.csv into dataframe
reading /om2/user/shreyark/hbn_data/raw/phenotype/Child_Measures/Questionnaire_Measures_of_Family_Structure_Stress_and_Trauma/PhenX_School_Risk.csv into dataframe
reading /om2/user/shreyark/hbn_data/raw/phenotype/Child_Measures/Questionnaire_Measures_of_Substance_Use_&_Addiction/Alcohol_Use_Disorders_Identification_Test_.csv into dataframe
reading /om2/user/shreyark/hbn_data/raw/phenotype/Child_Measures/Questionnaire_Measures_of_Substance_Use_&_Addiction/European_School_Survey_Project_on_Alcohol_and_Other_Drugs_.csv into dataframe
reading /om2/user/shreyark/hbn_data/raw/phenotype/Child_Measures/Questionnaire_Measures_of_Substance_Use_&_Addiction/Fagerstrom_Test_for_Nicotine_Dependence.csv into dataframe
reading /om2/user/shreyark/hbn_data/raw/phenotype/Child_Measures/Questionnaire_Measures_of_Substance_Use_&_Addiction/Internet_Addiction_Test.csv into dataframe
reading /om2/user/shreyark/hbn_data/raw/phenotype/Child_Measures/Questionnaire_Measures_of_Substance_Use_&_Addiction/Modified_Fagerstrom_Tolerance_Questionnaire-Adolescents.csv into dataframe
reading /om2/user/shreyark/hbn_data/raw/phenotype/Child_Measures/Questionnaire_Measures_of_Substance_Use_&_Addiction/Yale_Food_Addiction_Scale.csv into dataframe
reading /om2/user/shreyark/hbn_data/raw/phenotype/Child_Measures/Vision/Ishihara_Color_Vision_Test.csv into dataframe
got features        Identifiers KBIT,Administration  ...  ColorVision,Year ColorVision,﻿EID
0     NDARAT581NDH                 NaN  ...            2017.0              NaN
1     NDARBE439ND3                 NaN  ...            2016.0              NaN
2     NDARBF851NH6                 NaN  ...            2018.0              NaN
3     NDARBM433VER                 NaN  ...            2018.0              NaN
4     NDARCD401HGZ                 NaN  ...            2016.0              NaN
...            ...                 ...  ...               ...              ...
4158  NDARFB384XJ9                 NaN  ...               NaN              NaN
4159  NDARJP634NY9                 NaN  ...            2021.0              NaN
4160  NDARRW045EUW                 NaN  ...               NaN              NaN
4161  NDARJW888AJ2                 NaN  ...               NaN              NaN
4162  NDARXP325YLV                 NaN  ...               NaN              NaN

[4163 rows x 2751 columns] (4163, 2751)
preprocess 1        Identifiers  ...  ColorVision,CV_Score
0     NDARAT581NDH  ...                   NaN
1     NDARBE439ND3  ...                  14.0
2     NDARBF851NH6  ...                  14.0
3     NDARBM433VER  ...                   7.0
4     NDARCD401HGZ  ...                  13.0
...            ...  ...                   ...
4158  NDARFB384XJ9  ...                   NaN
4159  NDARJP634NY9  ...                   NaN
4160  NDARRW045EUW  ...                   NaN
4161  NDARJW888AJ2  ...                   NaN
4162  NDARXP325YLV  ...                   NaN

[4163 rows x 2096 columns] (4163, 2096)
preprocess 2       Identifiers  ...  ColorVision,CV_Score
0    NDARHX418ZGJ  ...                   NaN
1    NDARAA947ZG5  ...                  14.0
2    NDARAB458VK9  ...                  14.0
3    NDARAC349YUC  ...                  14.0
4    NDARAC495TJ2  ...                  14.0
..            ...  ...                   ...
915  NDARTF378MX6  ...                  14.0
916  NDARAC923GPW  ...                  14.0
917  NDARAL828WXM  ...                  14.0
918  NDARMC950EUL  ...                  14.0
919  NDARRA282PHP  ...                   NaN

[920 rows x 935 columns]
transformed df [[ 3.29869562e-02  1.42122194e+00  1.29035571e+00 ...  0.00000000e+00
   2.43531642e-17  0.00000000e+00]
 [ 3.29869562e-02 -4.73898104e-01 -1.84106827e-01 ... -1.05443208e-01
  -8.60021515e-02  3.00600679e-01]
 [ 3.29869562e-02  1.72579480e+00  1.78184322e+00 ... -1.05443208e-01
  -8.60021515e-02  3.00600679e-01]
 ...
 [ 3.29869562e-02  3.72137628e-01  5.53124442e-01 ... -1.05443208e-01
  -8.60021515e-02  3.00600679e-01]
 [ 3.29869562e-02  2.02930481e-01  6.16369291e-02 ... -1.05443208e-01
  -8.60021515e-02  3.00600679e-01]
 [ 3.29869562e-02  2.02930481e-01  6.16369291e-02 ...  0.00000000e+00
   2.43531642e-17  0.00000000e+00]] (920, 924)
cols ignore (920, 1)
final transform       Identifiers  ...  numeric__ColorVision,CV_Score
0    NDARHX418ZGJ  ...                       0.000000
1    NDARAA947ZG5  ...                       0.300601
2    NDARAB458VK9  ...                       0.300601
3    NDARAC349YUC  ...                       0.300601
4    NDARAC495TJ2  ...                       0.300601
..            ...  ...                            ...
915  NDARTF378MX6  ...                       0.300601
916  NDARAC923GPW  ...                       0.300601
917  NDARAL828WXM  ...                       0.300601
918  NDARMC950EUL  ...                       0.300601
919  NDARRA282PHP  ...                       0.000000

[920 rows x 925 columns]
preprocess 3       Identifiers  ...  numeric__ColorVision,CV_Score
0    NDARHX418ZGJ  ...                       0.000000
1    NDARAA947ZG5  ...                       0.300601
2    NDARAB458VK9  ...                       0.300601
3    NDARAC349YUC  ...                       0.300601
4    NDARAC495TJ2  ...                       0.300601
..            ...  ...                            ...
915  NDARTF378MX6  ...                       0.300601
916  NDARAC923GPW  ...                       0.300601
917  NDARAL828WXM  ...                       0.300601
918  NDARMC950EUL  ...                       0.300601
919  NDARRA282PHP  ...                       0.000000

[920 rows x 925 columns] (920, 925)
processed features       Identifiers  ...  numeric__ColorVision,CV_Score
0    NDARHX418ZGJ  ...                       0.000000
1    NDARAA947ZG5  ...                       0.300601
2    NDARAB458VK9  ...                       0.300601
3    NDARAC349YUC  ...                       0.300601
4    NDARAC495TJ2  ...                       0.300601
..            ...  ...                            ...
915  NDARTF378MX6  ...                       0.300601
916  NDARAC923GPW  ...                       0.300601
917  NDARAL828WXM  ...                       0.300601
918  NDARMC950EUL  ...                       0.300601
919  NDARRA282PHP  ...                       0.000000

[920 rows x 925 columns] (920, 925)
reading /om2/user/shreyark/hbn_data/raw/phenotype/Clinical_Measures/Clinical_Diagnosis_Demographics.csv into dataframe
targets       Identifiers  DX_01_Cat_binarize
0    NDARHX418ZGJ                   1
1    NDARAA947ZG5                   1
2    NDARAB458VK9                   1
3    NDARAC349YUC                   1
4    NDARAC495TJ2                   1
..            ...                 ...
386  NDARKJ743AE4                   1
387  NDARKM061NHZ                   1
388  NDARPM002AXQ                   1
389  NDARTH065GZ0                   1
390  NDARTX843YTH                   0

[391 rows x 2 columns]
combined with targets      numeric__WIAT,WIAT_Complete_x  ...  DX_01_Cat_binarize
0                         0.032987  ...                   1
1                         0.032987  ...                   1
2                         0.032987  ...                   1
3                         0.032987  ...                   1
4                         0.032987  ...                   1
..                             ...  ...                 ...
390                       0.032987  ...                   1
391                       0.032987  ...                   1
392                       0.032987  ...                   1
393                       0.032987  ...                   1
394                       0.032987  ...                   0

[395 rows x 925 columns] (395, 925)
added smote      numeric__WIAT,WIAT_LCODC_P_x  ...  DX_01_Cat_binarize
0                        1.421222  ...                   1
1                       -0.473898  ...                   1
2                        1.725795  ...                   1
3                        1.048966  ...                   1
4                       -1.184568  ...                   1
..                            ...  ...                 ...
499                      1.609388  ...                   0
500                     -0.668102  ...                   0
501                      1.827319  ...                   0
502                      1.474559  ...                   0
503                     -0.697432  ...                   0

[504 rows x 924 columns]
dataframe shape (504, 924)
running /net/vast-storage/scratch/vast/gablab/shreyark/healthy_brain_network/model_specs/classifier-all-DX_01_Cat_binarize-spec.json...

spec info {'filename': 'model_features_274905953.csv', 'x_indices': [1, 2, 3, 4, 5, 6, 7, 8, 9, 10, 11, 12, 13, 14, 15, 16, 17, 18, 19, 20, 21, 22, 23, 24, 25, 26, 27, 28, 29, 30, 31, 32, 33, 34, 35, 36, 37, 38, 39, 40, 41, 42, 43, 44, 45, 46, 47, 48, 49, 50, 51, 52, 53, 54, 55, 56, 57, 58, 59, 60, 61, 62, 63, 64, 65, 66, 67, 68, 69, 70, 71, 72, 73, 74, 75, 76, 77, 78, 79, 80, 81, 82, 83, 84, 85, 86, 87, 88, 89, 90, 91, 92, 93, 94, 95, 96, 97, 98, 99, 100, 101, 102, 103, 104, 105, 106, 107, 108, 109, 110, 111, 112, 113, 114, 115, 116, 117, 118, 119, 120, 121, 122, 123, 124, 125, 126, 127, 128, 129, 130, 131, 132, 133, 134, 135, 136, 137, 138, 139, 140, 141, 142, 143, 144, 145, 146, 147, 148, 149, 150, 151, 152, 153, 154, 155, 156, 157, 158, 159, 160, 161, 162, 163, 164, 165, 166, 167, 168, 169, 170, 171, 172, 173, 174, 175, 176, 177, 178, 179, 180, 181, 182, 183, 184, 185, 186, 187, 188, 189, 190, 191, 192, 193, 194, 195, 196, 197, 198, 199, 200, 201, 202, 203, 204, 205, 206, 207, 208, 209, 210, 211, 212, 213, 214, 215, 216, 217, 218, 219, 220, 221, 222, 223, 224, 225, 226, 227, 228, 229, 230, 231, 232, 233, 234, 235, 236, 237, 238, 239, 240, 241, 242, 243, 244, 245, 246, 247, 248, 249, 250, 251, 252, 253, 254, 255, 256, 257, 258, 259, 260, 261, 262, 263, 264, 265, 266, 267, 268, 269, 270, 271, 272, 273, 274, 275, 276, 277, 278, 279, 280, 281, 282, 283, 284, 285, 286, 287, 288, 289, 290, 291, 292, 293, 294, 295, 296, 297, 298, 299, 300, 301, 302, 303, 304, 305, 306, 307, 308, 309, 310, 311, 312, 313, 314, 315, 316, 317, 318, 319, 320, 321, 322, 323, 324, 325, 326, 327, 328, 329, 330, 331, 332, 333, 334, 335, 336, 337, 338, 339, 340, 341, 342, 343, 344, 345, 346, 347, 348, 349, 350, 351, 352, 353, 354, 355, 356, 357, 358, 359, 360, 361, 362, 363, 364, 365, 366, 367, 368, 369, 370, 371, 372, 373, 374, 375, 376, 377, 378, 379, 380, 381, 382, 383, 384, 385, 386, 387, 388, 389, 390, 391, 392, 393, 394, 395, 396, 397, 398, 399, 400, 401, 402, 403, 404, 405, 406, 407, 408, 409, 410, 411, 412, 413, 414, 415, 416, 417, 418, 419, 420, 421, 422, 423, 424, 425, 426, 427, 428, 429, 430, 431, 432, 433, 434, 435, 436, 437, 438, 439, 440, 441, 442, 443, 444, 445, 446, 447, 448, 449, 450, 451, 452, 453, 454, 455, 456, 457, 458, 459, 460, 461, 462, 463, 464, 465, 466, 467, 468, 469, 470, 471, 472, 473, 474, 475, 476, 477, 478, 479, 480, 481, 482, 483, 484, 485, 486, 487, 488, 489, 490, 491, 492, 493, 494, 495, 496, 497, 498, 499, 500, 501, 502, 503, 504, 505, 506, 507, 508, 509, 510, 511, 512, 513, 514, 515, 516, 517, 518, 519, 520, 521, 522, 523, 524, 525, 526, 527, 528, 529, 530, 531, 532, 533, 534, 535, 536, 537, 538, 539, 540, 541, 542, 543, 544, 545, 546, 547, 548, 549, 550, 551, 552, 553, 554, 555, 556, 557, 558, 559, 560, 561, 562, 563, 564, 565, 566, 567, 568, 569, 570, 571, 572, 573, 574, 575, 576, 577, 578, 579, 580, 581, 582, 583, 584, 585, 586, 587, 588, 589, 590, 591, 592, 593, 594, 595, 596, 597, 598, 599, 600, 601, 602, 603, 604, 605, 606, 607, 608, 609, 610, 611, 612, 613, 614, 615, 616, 617, 618, 619, 620, 621, 622, 623, 624, 625, 626, 627, 628, 629, 630, 631, 632, 633, 634, 635, 636, 637, 638, 639, 640, 641, 642, 643, 644, 645, 646, 647, 648, 649, 650, 651, 652, 653, 654, 655, 656, 657, 658, 659, 660, 661, 662, 663, 664, 665, 666, 667, 668, 669, 670, 671, 672, 673, 674, 675, 676, 677, 678, 679, 680, 681, 682, 683, 684, 685, 686, 687, 688, 689, 690, 691, 692, 693, 694, 695, 696, 697, 698, 699, 700, 701, 702, 703, 704, 705, 706, 707, 708, 709, 710, 711, 712, 713, 714, 715, 716, 717, 718, 719, 720, 721, 722, 723, 724, 725, 726, 727, 728, 729, 730, 731, 732, 733, 734, 735, 736, 737, 738, 739, 740, 741, 742, 743, 744, 745, 746, 747, 748, 749, 750, 751, 752, 753, 754, 755, 756, 757, 758, 759, 760, 761, 762, 763, 764, 765, 766, 767, 768, 769, 770, 771, 772, 773, 774, 775, 776, 777, 778, 779, 780, 781, 782, 783, 784, 785, 786, 787, 788, 789, 790, 791, 792, 793, 794, 795, 796, 797, 798, 799, 800, 801, 802, 803, 804, 805, 806, 807, 808, 809, 810, 811, 812, 813, 814, 815, 816, 817, 818, 819, 820, 821, 822, 823, 824, 825, 826, 827, 828, 829, 830, 831, 832, 833, 834, 835, 836, 837, 838, 839, 840, 841, 842, 843, 844, 845, 846, 847, 848, 849, 850, 851, 852, 853, 854, 855, 856, 857, 858, 859, 860, 861, 862, 863, 864, 865, 866, 867, 868, 869, 870, 871, 872, 873, 874, 875, 876, 877, 878, 879, 880, 881, 882, 883, 884, 885, 886, 887, 888, 889, 890, 891, 892, 893, 894, 895, 896, 897, 898, 899, 900, 901, 902, 903, 904, 905, 906, 907, 908, 909, 910, 911, 912, 913, 914, 915, 916, 917, 918, 919, 920, 921, 922], 'target_vars': 'DX_01_Cat_binarize', 'clf_info': [['sklearn.tree', 'DecisionTreeClassifier', {'max_depth': 5}]], 'permute': [True, False], 'group_var': None, 'n_splits': 50, 'test_size': 0.2, 'gen_feature_importance': True, 'gen_permutation_importance': False, 'permutation_importance_n_repeats': 5, 'permutation_importance_scoring': 'accuracy', 'gen_shap': False, 'nsamples': 'auto', 'l1_reg': 'aic', 'plot_top_n_shap': 10, 'metrics': ['roc_auc_score', 'f1_score', 'precision_score', 'recall_score'], 'target_spec': {'assessment': 'Clinical Measures', 'domain': None, 'measure': 'Clinical Diagnosis Demographics', 'target_column': 'DX_01_Cat', 'transform': 'binarize', 'outname': 'DX_01_Cat_binarize', 'preprocessing': {'numeric': [['sklearn.impute', 'SimpleImputer', {'strategy': 'mean'}], ['sklearn.preprocessing', 'StandardScaler', {}]]}, 'min_num_participants': 2000}, 'feature_spec': {'assessment': 'Child Measures', 'domains': 'all', 'measures': 'all', 'preprocessing': {'numeric': [['sklearn.impute', 'SimpleImputer', {'strategy': 'mean'}], ['sklearn.preprocessing', 'StandardScaler', {}]]}, 'min_num_participants': 2000}, 'participants': ['NDARBM433VER', 'NDARCP292KPA', 'NDARDX770PJK', 'NDARHL164JHH', 'NDARHT774ZK1', 'NDARHX418ZGJ', 'NDARKK732JW3', 'NDARRD720XZK', 'NDARUM791WPF', 'NDARYF699FW0', 'NDARAA117NEJ', 'NDARAA504CRN', 'NDARAA536PTU', 'NDARAA947ZG5', 'NDARAA948VFH', 'NDARAB458VK9', 'NDARAB756JDJ', 'NDARAC349YUC', 'NDARAC462DZH', 'NDARAC495TJ2', 'NDARAC853CR6', 'NDARAC853DTE', 'NDARAC857HDB', 'NDARAD615WLJ', 'NDARAD774HAZ', 'NDARAE199TDD', 'NDARAE710YWG', 'NDARAE828CML', 'NDARAE866UVF', 'NDARAF003VCL', 'NDARAG139HKA', 'NDARAG143ARJ', 'NDARAG340ERT', 'NDARAG584XLU', 'NDARAG943DF9', 'NDARAH793FBF', 'NDARAH867HZX', 'NDARAH976BND', 'NDARAJ366ZFA', 'NDARAJ768CF0', 'NDARAJ807UYR', 'NDARAM873GAC', 'NDARAN461TGQ', 'NDARAN524ZK6', 'NDARAP176AD1', 'NDARAP359UM6', 'NDARAP782TVC', 'NDARAP912JK3', 'NDARAR238RZ8', 'NDARAR935TGZ', 'NDARAT244VGA', 'NDARAT299YRR', 'NDARAT358XM9', 'NDARAU708TL8', 'NDARAU840EUZ', 'NDARAU939WUK', 'NDARAV187GJ5', 'NDARAV189JGX', 'NDARAV474ADJ', 'NDARAV554TP2', 'NDARAV894XWD', 'NDARAW179AYF', 'NDARAW320CGR', 'NDARAX075WL9', 'NDARAX272ZJL', 'NDARAX287BLD', 'NDARAX358NB5', 'NDARAX573RMT', 'NDARAY238DFL', 'NDARAY283AU1', 'NDARAY461TZZ', 'NDARAY596ZWD', 'NDARAY665GWN', 'NDARAY969YUW', 'NDARBA839HLG', 'NDARBC240LNC', 'NDARBC296PLU', 'NDARBC734UVY', 'NDARBD341NEM', 'NDARBD879MBX', 'NDARBD992CH7', 'NDARBE091BGD', 'NDARBF042LDM', 'NDARBF176LPM', 'NDARBF183RFB', 'NDARBF389RLF', 'NDARBF878JWK', 'NDARBF906DVB', 'NDARBG188RA5', 'NDARBG702FED', 'NDARBH228RDW', 'NDARBH512BHA', 'NDARBH728DFK', 'NDARBJ482HJL', 'NDARBJ637CFZ', 'NDARBJ674TVU', 'NDARBK638HLZ', 'NDARBL214YLX', 'NDARBL242L4H', 'NDARBL444FBA', 'NDARBL532FPT', 'NDARBM173BJG', 'NDARBM642JFT', 'NDARBM764KG0', 'NDARBP398JHL', 'NDARBP527JWC', 'NDARBR128UFP', 'NDARBT747UHM', 'NDARBU112XZE', 'NDARBU607ZZ3', 'NDARBU757VJK', 'NDARBV059CGE', 'NDARBV364MBC', 'NDARBV503LF7', 'NDARBV577EE0', 'NDARBW026UGE', 'NDARBW525JHY', 'NDARBX400RTC', 'NDARBZ216FW8', 'NDARBZ475NKK', 'NDARBZ925PRF', 'NDARCA050RZL', 'NDARCA153NKE', 'NDARCA186WGH', 'NDARCB142ZPB', 'NDARCB370UK4', 'NDARCB627KDN', 'NDARCB959FY4', 'NDARCC059WTH', 'NDARCC340ER5', 'NDARCC740MGU', 'NDARCC824FCL', 'NDARCD453JG4', 'NDARCD661GL0', 'NDARCE353XKH', 'NDARCF052AE0', 'NDARCG073GZ6', 'NDARCG159AAP', 'NDARCG947ZC0', 'NDARCG984YXZ', 'NDARCH868WVX', 'NDARCH881EFG', 'NDARCH889NUF', 'NDARCJ007GF8', 'NDARCJ170CT9', 'NDARCJ594BWQ', 'NDARCK647MU6', 'NDARCL590LPD', 'NDARCL895UV8', 'NDARCN669XPR', 'NDARCP753UEW', 'NDARCR499NE4', 'NDARCT420MW1', 'NDARCT933HF2', 'NDARCT974NAJ', 'NDARCU118LMX', 'NDARCU811WCY', 'NDARCU865PBV', 'NDARCU919KUL', 'NDARCV440TRV', 'NDARCV586KTT', 'NDARCW071AU5', 'NDARCW419GBD', 'NDARCW497XW2', 'NDARCX021XWF', 'NDARCX221CWA', 'NDARCZ770BRG', 'NDARCZ915NC1', 'NDARCZ947WU5', 'NDARDB224XUD', 'NDARDC003YG7', 'NDARDC360DGB', 'NDARDC843HHM', 'NDARDD073JKZ', 'NDARDE294HNX', 'NDARDE502TEU', 'NDARDF560NND', 'NDARDF568GL5', 'NDARDG484ZJ1', 'NDARDG747ULB', 'NDARDH214UVC', 'NDARDH305AV2', 'NDARDH328DR9', 'NDARDH462FWD', 'NDARDH773WR9', 'NDARDH934MUV', 'NDARDJ970ELG', 'NDARDM119WB1', 'NDARDM156AVJ', 'NDARDM385EK2', 'NDARDM419DLQ', 'NDARDN702GXX', 'NDARDN852FU9', 'NDARDN924BV2', 'NDARDP292DVC', 'NDARDP495PY2', 'NDARDP725ZVY', 'NDARDR103FJQ', 'NDARDR236FWH', 'NDARDR254KXZ', 'NDARDR458MR7', 'NDARDR591AUC', 'NDARDT181RP4', 'NDARDT528ZZJ', 'NDARDU314YVY', 'NDARDU566NUY', 'NDARDU602LPX', 'NDARDU617ZW1', 'NDARDU760YZC', 'NDARDU986RBM', 'NDARDV122YZN', 'NDARDV222JZ6', 'NDARDV245WJG', 'NDARDW178AC6', 'NDARDW711NYZ', 'NDARDX561MRY', 'NDARDX969ECK', 'NDARDY150ZP9', 'NDARDY776AKH', 'NDARDZ058NZN', 'NDARDZ147ETZ', 'NDARDZ321FMY', 'NDARDZ440NGK', 'NDARDZ528DLZ', 'NDARDZ627XFA', 'NDAREA730YXX', 'NDAREB290UCN', 'NDAREB303XDC', 'NDAREB953UMY', 'NDAREC078VFT', 'NDAREC377AU2', 'NDAREC647MKW', 'NDAREC777ADZ', 'NDAREE015WGU', 'NDAREE543HYQ', 'NDAREF057VX5', 'NDAREG104JB1', 'NDAREG408DJ5', 'NDAREH852JE0', 'NDAREJ110ELY', 'NDAREJ923FZU', 'NDAREK375DKR', 'NDAREK395BM3', 'NDAREK801BPB', 'NDAREK918EC2', 'NDAREK947FYP', 'NDAREL164JM1', 'NDAREL767XXM', 'NDAREM141CKP', 'NDAREM356FXV', 'NDAREM565ADW', 'NDAREM731BYM', 'NDAREN151YXN', 'NDAREN242VPZ', 'NDAREN417DJE', 'NDAREN667YTZ', 'NDAREP505XAD', 'NDARER115FTJ', 'NDARER379GTP', 'NDARET550NXC', 'NDARET888KD2', 'NDAREU073NFU', 'NDAREU211JMY', 'NDAREU890CYJ', 'NDAREV527ZRF', 'NDAREV601CE7', 'NDAREV848HWX', 'NDAREV970HAN', 'NDAREW074ZM2', 'NDAREW594DC5', 'NDAREW671HZW', 'NDAREW937RMY', 'NDAREX589EXG', 'NDAREY512KVX', 'NDAREY741MG9', 'NDAREY897LB1', 'NDARFA402LMW', 'NDARFA780CUG', 'NDARFA811KTX', 'NDARFB969EMV', 'NDARFC051FVC', 'NDARFC188VT4', 'NDARFD316UD2', 'NDARFD453NPR', 'NDARFD620BUW', 'NDARFD628UVZ', 'NDARFE163HVN', 'NDARFE299MWU', 'NDARFE372VHL', 'NDARFE555KXB', 'NDARFF598HGT', 'NDARFF644ZGD', 'NDARFG027BT5', 'NDARFG114VB1', 'NDARFG118DW3', 'NDARFG568PXZ', 'NDARFH018DLG', 'NDARFH098GGK', 'NDARFJ000DCY', 'NDARFJ494ZDJ', 'NDARFK027LB0', 'NDARFK262EKF', 'NDARFK477WX9', 'NDARFL793LDE', 'NDARFM211KDJ', 'NDARFM229HHA', 'NDARFM645RH5', 'NDARFM870UHU', 'NDARFN636ZYB', 'NDARFP148YDU', 'NDARFP243NWY', 'NDARFP512MEK', 'NDARFP841PDJ', 'NDARFR095UJK', 'NDARFR103CUN', 'NDARFR445XKP', 'NDARFR820KFF', 'NDARFR849NTP', 'NDARFT581ZW5', 'NDARFT698LLU', 'NDARFT787HJW', 'NDARFT834NT1', 'NDARFT881VT6', 'NDARFT964EU8', 'NDARFU395UBW', 'NDARFU444HEF', 'NDARFV058BWM', 'NDARFV685ZT2', 'NDARFV780ABD', 'NDARFW038ZNE', 'NDARFW140WFX', 'NDARFW253GZM', 'NDARFW444PN1', 'NDARFW972KFQ', 'NDARFX455JFY', 'NDARFX710UZA', 'NDARFY009MNL', 'NDARFY525TL2', 'NDARFZ296UNG', 'NDARFZ548VEP', 'NDARFZ990EFG', 'NDARGA048BD8', 'NDARGA056TMW', 'NDARGA507DCC', 'NDARGA530NHK', 'NDARGA815EUZ', 'NDARGA921UHR', 'NDARGB015CT3', 'NDARGB324PM1', 'NDARGB528CP8', 'NDARGB817AHC', 'NDARGB866MPN', 'NDARGC124PAW', 'NDARGC407NV7', 'NDARGE536BGD', 'NDARGE643MYU', 'NDARGF192VD1', 'NDARGF367KVL', 'NDARGG058DYF', 'NDARGH407KVG', 'NDARGH842VFY', 'NDARGJ395FKP', 'NDARGJ627BL2', 'NDARGJ653MG2', 'NDARGK253TTG', 'NDARGK442YHH', 'NDARGK672URV', 'NDARGK786DWR', 'NDARGL085RTW', 'NDARGL107GFK', 'NDARGL289TB8', 'NDARGM196JMM', 'NDARGM240YJM', 'NDARGM258RZU', 'NDARGM318RT2', 'NDARGM610LF0', 'NDARGN044FE4', 'NDARGN151YEY', 'NDARGN756ZYP', 'NDARGP132PYA', 'NDARGR125APK', 'NDARGR358FGC', 'NDARGR893PUA', 'NDARGT267UZR', 'NDARGU100JH4', 'NDARGU395RFP', 'NDARGU667MCK', 'NDARGU729WUR', 'NDARGV781AMW', 'NDARGV948BFZ', 'NDARGW249GEJ', 'NDARGW404GJL', 'NDARGX583YNZ', 'NDARGX760NYV', 'NDARGY542TJ5', 'NDARGY559UL3', 'NDARGZ116HTR', 'NDARGZ282DLD', 'NDARGZ361JJ9', 'NDARHB261JMG', 'NDARHB452LTW', 'NDARHB772TE5', 'NDARHB993EV0', 'NDARHC287ZF4', 'NDARHC357HLP', 'NDARHC462NGR', 'NDARHC825ZFZ', 'NDARHD017XEU', 'NDARHD059PEQ', 'NDARHD546PDX', 'NDARHD841JAE', 'NDARHD931FNA', 'NDARHD952XHH', 'NDARHE199NGL', 'NDARHE772FWW', 'NDARHF081GX4', 'NDARHF269ATU', 'NDARHF351AA6', 'NDARHF545HFW', 'NDARHG260BM9', 'NDARHG294AFG', 'NDARHG321LLD', 'NDARHG594GKH', 'NDARHH757RT9', 'NDARHJ318KZA', 'NDARHJ523XGB', 'NDARHL238VL2', 'NDARHL684WYU', 'NDARHL822EJK', 'NDARHM611GDR', 'NDARHN158DC6', 'NDARHN224TPA', 'NDARHN482HPM', 'NDARHN931CJV', 'NDARHP656DLC', 'NDARHP705RFA', 'NDARHR140GMB', 'NDARHR558BNN', 'NDARHR763RB4', 'NDARHU018AT3', 'NDARHU395FP0', 'NDARHU831NXU', 'NDARHV260FPW', 'NDARHV526CTW', 'NDARHW216PER', 'NDARHW929JDN', 'NDARHW968ABB', 'NDARHX145ZKV', 'NDARHX628PC6', 'NDARHX877BLQ', 'NDARHX934KJ5', 'NDARHY177LY9', 'NDARHY255FVU', 'NDARHY676RYH', 'NDARHZ814MHQ', 'NDARHZ852XY0', 'NDARJA157YB3', 'NDARJA262HTY', 'NDARJA356XHT', 'NDARJA737FAJ', 'NDARJA788CH7', 'NDARJA959GNZ', 'NDARJB366HYJ', 'NDARJB501MJL', 'NDARJC514CE0', 'NDARJC559WW5', 'NDARJD142DHR', 'NDARJD387HWG', 'NDARJD704KEM', 'NDARJE070PLA', 'NDARJE086YU0', 'NDARJE496HC2', 'NDARJF517HC8', 'NDARJF565ZRA', 'NDARJF579EH9', 'NDARJF755DT9', 'NDARJF792DKN', 'NDARJG298YVA', 'NDARJG300HWH', 'NDARJG738WY6', 'NDARJH492TVW', 'NDARJH707GJM', 'NDARJH773JTJ', 'NDARJH99CWH', 'NDARJJ173BRX', 'NDARJJ216EGT', 'NDARJJ389CP2', 'NDARJJ512AYJ', 'NDARJJ638NAC', 'NDARJJ767FBH', 'NDARJJ859RRW', 'NDARJK154PF5', 'NDARJK910PDK', 'NDARJK995KMG', 'NDARJL058RDV', 'NDARJM013VR4', 'NDARJM036PVX', 'NDARJM296MDW', 'NDARJM618NZH', 'NDARJM828PAL', 'NDARJN531EN3', 'NDARJP444DZM', 'NDARJR473HXT', 'NDARJR525HTX', 'NDARJR579FW7', 'NDARJT517YHZ', 'NDARJT556KAM', 'NDARJV062AM0', 'NDARJV084FN5', 'NDARJV225EYT', 'NDARJV894XP2', 'NDARJW373UE3', 'NDARJX258XF0', 'NDARJX939UCQ', 'NDARJY577WNJ', 'NDARJY645CRH', 'NDARJZ217VJ6', 'NDARJZ274PRQ', 'NDARJZ525BX6', 'NDARJZ549HU8', 'NDARJZ888UX6', 'NDARKA085YRG', 'NDARKA331XEL', 'NDARKA946MJ1', 'NDARKA958FAH', 'NDARKB290YNY', 'NDARKB421MTA', 'NDARKB481PNP', 'NDARKB516BEW', 'NDARKB607GAW', 'NDARKB614KGY', 'NDARKC143BEE', 'NDARKD064EVC', 'NDARKD134TCX', 'NDARKE456BVQ', 'NDARKE604RXR', 'NDARKF442GZ5', 'NDARKG460MWV', 'NDARKG785VAJ', 'NDARKH168MC1', 'NDARKH291KRE', 'NDARKH444AGK', 'NDARKJ322ELL', 'NDARKJ546WWQ', 'NDARKJ871YD6', 'NDARKK153GT7', 'NDARKK597VDH', 'NDARKK774VP5', 'NDARKL156NJG', 'NDARKL327YDQ', 'NDARKM301DY0', 'NDARKM551DA4', 'NDARKM568HJK', 'NDARKM718VKX', 'NDARKN170UXD', 'NDARKN175HWB', 'NDARKN346XZH', 'NDARKR391CMV', 'NDARKT032RYR', 'NDARKT540ZW0', 'NDARKT857AW0', 'NDARKU616UBL', 'NDARKU649DB7', 'NDARKU726AB4', 'NDARKV353MTD', 'NDARKW010CT2', 'NDARKW383ZPF', 'NDARKW521EMY', 'NDARKW531ACR', 'NDARKW565ZT9', 'NDARKX346VTV', 'NDARKX701BJ4', 'NDARKZ198TAA', 'NDARKZ479FC8', 'NDARKZ858GBD', 'NDARLB547HJD', 'NDARLB581AXF', 'NDARLD016VCA', 'NDARLD287MLP', 'NDARLD978JVJ', 'NDARLE282UHJ', 'NDARLE412VD5', 'NDARLE953JYU', 'NDARLF142AF5', 'NDARLF283KJX', 'NDARLF480DMW', 'NDARLG154ZA3', 'NDARLG943AAN', 'NDARLG987WB0', 'NDARLH263KCL', 'NDARLH881FBD', 'NDARLJ148JH2', 'NDARLJ311YNA', 'NDARLJ334YD0', 'NDARLJ472DLM', 'NDARLJ549WTT', 'NDARLJ654TZ0', 'NDARLJ970DEY', 'NDARLK181GL4', 'NDARLK551KXD', 'NDARLK690ZK9', 'NDARLK963HXP', 'NDARLL181EGQ', 'NDARLL386VRE', 'NDARLL894HC3', 'NDARLL914UW4', 'NDARLN070VX7', 'NDARLN610AKZ', 'NDARLN778RYN', 'NDARLP624GFH', 'NDARLR030EW6', 'NDARLR586MPX', 'NDARLR620FW6', 'NDARLV086DEH', 'NDARLW312JT8', 'NDARLY030ZBG', 'NDARLY125HMB', 'NDARLY585ZVN', 'NDARLY687YDQ', 'NDARLY872ZXA', 'NDARLYO38AJZ', 'NDARLZ745EUN', 'NDARMA390CHB', 'NDARMA875ARE', 'NDARMB216LA6', 'NDARMC481AWW', 'NDARMD134JRU', 'NDARMD638CM6', 'NDARME563AK8', 'NDARME789TD2', 'NDARME880JD7', 'NDARMF846EVR', 'NDARMF939FNX', 'NDARMG164JDF', 'NDARMG239GUV', 'NDARMG263JRX', 'NDARMG405RZK', 'NDARMH249AWF', 'NDARMH364EMW', 'NDARMH559LKK', 'NDARMH763YZD', 'NDARMJ495DE0', 'NDARMJ699RJN', 'NDARMJ877UTP', 'NDARMJ977NCQ', 'NDARMK046ZRK', 'NDARMK100DJR', 'NDARMK416UUQ', 'NDARMK525TGP', 'NDARML024FF2', 'NDARML148UCE', 'NDARML552GAZ', 'NDARML626PGU', 'NDARML879RJJ', 'NDARMM005DLK', 'NDARMM137PT6', 'NDARMM431GVE', 'NDARMM594VJT', 'NDARMM628VVA', 'NDARMM951YEH', 'NDARMN302YAV', 'NDARMN415AXR', 'NDARMN450PEH', 'NDARMP372CG5', 'NDARMP977RHZ', 'NDARMR134HUY', 'NDARMR306ZKG', 'NDARMR570GJ5', 'NDARMT126PB3', 'NDARMT151RNN', 'NDARMT271DT6', 'NDARMT661WCR', 'NDARMU518TVN', 'NDARMU791UN7', 'NDARMV718DYL', 'NDARMV822KWR', 'NDARMV981GZ7', 'NDARMW445NBC', 'NDARMW551YA0', 'NDARMW863HW5', 'NDARMX215YPN', 'NDARMX328VWC', 'NDARMX591FJ6', 'NDARMY254BGN', 'NDARMY294VNE', 'NDARMY533CYM', 'NDARMZ200GVD', 'NDARMZ790VHM', 'NDARMZ936WYB', 'NDARMZ956HG7', 'NDARNA055LLN', 'NDARNA660PPK', 'NDARNB390JL3', 'NDARNB674VMY', 'NDARNB738TM9', 'NDARNB773ECT', 'NDARNC130ZLK', 'NDARNC374XEL', 'NDARND085WZK', 'NDARNE098NPR', 'NDARNE406XC3', 'NDARNE906EJA', 'NDARNF423BB5', 'NDARNF766VW2', 'NDARNF873FCV', 'NDARNF954MK3', 'NDARNK740ZVM', 'NDARNK810AJA', 'NDARNL546VTE', 'NDARNL587LVL', 'NDARNP921JTV', 'NDARNP939DDQ', 'NDARNR459MUJ', 'NDARNR739VGZ', 'NDARNR773DL4', 'NDARNT043XGH', 'NDARNT113YX7', 'NDARNT151UN1', 'NDARNT205ZKP', 'NDARNT245TP0', 'NDARNT676ZN4', 'NDARNU770PM5', 'NDARNV694EMG', 'NDARNW099DC7', 'NDARNW182PJC', 'NDARNW797PD6', 'NDARNW945XLL', 'NDARNX050XBN', 'NDARNX223DY3', 'NDARNX290WGP', 'NDARNX477HZ4', 'NDARNX795LFK', 'NDARNY023FWG', 'NDARNY875DR2', 'NDARNY894TH7', 'NDARNZ084JVC', 'NDARNZ433DDH', 'NDARNZ615UEU', 'NDARNZ792HBN', 'NDARPA005VVK', 'NDARPA699GD3', 'NDARPA827UBJ', 'NDARPB293EPC', 'NDARPB619PHV', 'NDARPC418NZL', 'NDARPD346FCN', 'NDARPE551CK7', 'NDARPE830YU0', 'NDARPF118ABV', 'NDARPF319WV2', 'NDARPF459CME', 'NDARPF683XWV', 'NDARPF937BDQ', 'NDARPF988BBV', 'NDARPG082MTJ', 'NDARPG847LB8', 'NDARPG873DJP', 'NDARPG908GWN', 'NDARPH152GU1', 'NDARPH923FN7', 'NDARPJ001BVE', 'NDARPJ691NEU', 'NDARPK223WVZ', 'NDARPK522DVQ', 'NDARPL201YL4', 'NDARPL306LC6', 'NDARPN418ZKT', 'NDARPP622WV4', 'NDARPP726XBF', 'NDARPR799VX4', 'NDARPT670LAY', 'NDARPU329MDJ', 'NDARPV009TYX', 'NDARPV303LAX', 'NDARPV595RWB', 'NDARPW635LN4', 'NDARPW746FWF', 'NDARPW915RGD', 'NDARPX155RF3', 'NDARPX244EHJ', 'NDARPY297MD8', 'NDARPY302MV9', 'NDARPY458LTR', 'NDARPZ344ZGE', 'NDARPZ720WKW', 'NDARPZ973RK0', 'NDARRA314KW4', 'NDARRA537FWW', 'NDARRA717GYV', 'NDARRA719CPH', 'NDARRA783NVT', 'NDARRB359CRR', 'NDARRB561VCP', 'NDARRC190NKB', 'NDARRC355BM6', 'NDARRC935ATQ', 'NDARRE445RHR', 'NDARRF180JBU', 'NDARRF415CBE', 'NDARRF897HB5', 'NDARRG269ML2', 'NDARRG735TU5', 'NDARRH285LR3', 'NDARRH407MEY', 'NDARRJ763GUF', 'NDARRK038CBD', 'NDARRK163VY8', 'NDARRK370YFX', 'NDARRK429WD3', 'NDARRL315KV3', 'NDARRL487DFW', 'NDARRL900KHV', 'NDARRM158VXD', 'NDARRM347FHQ', 'NDARRM725BRV', 'NDARRN619WHY', 'NDARRP008LJ6', 'NDARRP801AX1', 'NDARRR735VMN', 'NDARRR813CY6', 'NDARRU290EZV', 'NDARRU399NYG', 'NDARRU576HYW', 'NDARRU711AP5', 'NDARRU729XRU', 'NDARRU751ATE', 'NDARRU820CXW', 'NDARRV217VTA', 'NDARRV410KY1', 'NDARRV955LPW', 'NDARRW643DHJ', 'NDARRW680PHD', 'NDARRW974PEF', 'NDARRX552PP2', 'NDARRX800KW8', 'NDARRX999BX0', 'NDARRY006EMB', 'NDARRY112RAK', 'NDARRY268AF2', 'NDARRY714GEY', 'NDARRY715CY4', 'NDARRY792KY1', 'NDARRY807MXC', 'NDARRZ927VC3', 'NDARTA080YCE', 'NDARTB203DU7', 'NDARTB213ML4', 'NDARTB552HP0', 'NDARTB755MF5', 'NDARTB883GUN', 'NDARTC177RN5', 'NDARTC227AXA', 'NDARTC710UM1', 'NDARTC794GZ5', 'NDARTC802PGL', 'NDARTC865YNZ', 'NDARTD108UFL', 'NDARTD468TUH', 'NDARTE115TAE', 'NDARTE424BUF', 'NDARTE432ZRH', 'NDARTE553VC1', 'NDARTE773XJ5', 'NDARTF776EYR', 'NDARTG035JK8', 'NDARTG679NKQ', 'NDARTG681ZDV', 'NDARTG937LDA', 'NDARTH990UEC', 'NDARTJ418GP0', 'NDARTJ433TB5', 'NDARTK056HL3', 'NDARTK357VHL', 'NDARTK435YWU', 'NDARTK524HRR', 'NDARTN365HEV', 'NDARTN400TB1', 'NDARTN464MWT', 'NDARTN487KDK', 'NDARTN712UJK', 'NDARTN842FEV', 'NDARTP022VL6', 'NDARTR157NPQ', 'NDARTR175UDC', 'NDARTR464DCR', 'NDARTT194LTU', 'NDARTT667RKQ', 'NDARTU407HDD', 'NDARTU644WHZ', 'NDARTV119WJK', 'NDARTV480WBU', 'NDARTV525XC0', 'NDARTW456RAG', 'NDARTW939GJF', 'NDARTX191DVA', 'NDARTX659HAF', 'NDARTX795AKR', 'NDARTX932KLQ', 'NDARTY010EYP', 'NDARTY146DKE', 'NDARTY225EWV', 'NDARTY533VXQ', 'NDARTY549YDG', 'NDARTY625VHZ', 'NDARTY636BWN', 'NDARTZ901LDK', 'NDARTZ926NMZ', 'NDARUA745NA8', 'NDARUB100PP9', 'NDARUC591FWN', 'NDARUC715YN4', 'NDARUC980NZ5', 'NDARUD871XPD', 'NDARUE113AXB', 'NDARUE533XNH', 'NDARUF389TXE', 'NDARUF828TV2', 'NDARUG278FNY', 'NDARUH330VE7', 'NDARUH536DUK', 'NDARUJ292JXV', 'NDARUJ779NM0', 'NDARUJ894ZXG', 'NDARUJ962NZB', 'NDARUK025ZFT', 'NDARUK101YT3', 'NDARUK329RUU', 'NDARUK537ZXC', 'NDARUL160DMT', 'NDARUL290YKN', 'NDARUL454XRE', 'NDARUL636NGK', 'NDARUL675RXW', 'NDARUM991EE8', 'NDARUP067TM8', 'NDARUR872MP9', 'NDARUT470BM4', 'NDARUU314RH7', 'NDARUU801VFA', 'NDARUU939VRT', 'NDARUU991VRE', 'NDARUV288LWA', 'NDARUV621PB0', 'NDARUW206XUG', 'NDARUW377KAE', 'NDARUX086TVT', 'NDARUX340FYC', 'NDARUX408KJ1', 'NDARUX534HZQ', 'NDARUY818JG8', 'NDARUY876VL1', 'NDARUZ191UUG', 'NDARUZ206DRV', 'NDARUZ345THD', 'NDARUZ601TW4', 'NDARUZ818ADU', 'NDARUZ859WCN', 'NDARVB538ZGJ', 'NDARVB819ENX', 'NDARVB877VWL', 'NDARVC318GTX', 'NDARVC350WVG', 'NDARVC673HFA', 'NDARVC711ZK0', 'NDARVC956HHP', 'NDARVD194JX2', 'NDARVD543CMZ', 'NDARVD599VP2', 'NDARVF039ZLX', 'NDARVF544YP6', 'NDARVF786FUU', 'NDARVG618BM6', 'NDARVG641YGK', 'NDARVG777EUZ', 'NDARVG971CHH', 'NDARVH032PDR', 'NDARVJ687ENB', 'NDARVK407TGE', 'NDARVK720WZ0', 'NDARVK847ZRT', 'NDARVK922KE5', 'NDARVL498YX5', 'NDARVL964HH1', 'NDARVM025NCF', 'NDARVM287DJK', 'NDARVN270UU2', 'darvn280j', 'NDARVN363NNQ', 'NDARVN469KP6', 'NDARVN629CRD', 'NDARVN883AU2', 'NDARVN892TCF', 'NDARVN899GWP', 'NDARVP109DF0', 'NDARVP135ZGE', 'NDARVP285RXV', 'NDARVP689NR0', 'NDARVP894EX0', 'NDARVP953BBF', 'NDARVR116KG5', 'NDARVT072LX2', 'NDARVT231LJG', 'NDARVT488RXJ', 'NDARVU683CTN', 'NDARVV199XK2', 'NDARVX111CNA', 'NDARVX162AZU', 'NDARVY007TEJ', 'NDARVY378DFK', 'NDARVY860TY0', 'NDARVY962GB5', 'NDARVZ078KTW', 'NDARWA433WYZ', 'NDARWB042HCE', 'NDARWB179TJ0', 'NDARWB557CNH', 'NDARWB685NUG', 'NDARWC399JLD', 'NDARWC801CB5', 'NDARWD585PRZ', 'NDARWD655AAA', 'NDARWE717DEU', 'NDARWE908KF8', 'NDARWF122UUJ', 'NDARWF514TW5', 'NDARWG820RKE', 'NDARWG911DZG', 'NDARWH779MZ2', 'NDARWJ217HDQ', 'NDARWJ321WKG', 'NDARWJ414WB8', 'NDARWJ498CZY', 'NDARWJ621JRZ', 'NDARWK051GG4', 'NDARWK065NJ9', 'NDARWK117NYK', 'NDARWM319UU2', 'NDARWM632AFC', 'NDARWM953LT0', 'NDARWN169DHY', 'NDARWN691CG7', 'NDARWN709HA2', 'NDARWN739ED2', 'NDARWN885MGD', 'NDARWP458FH7', 'NDARWP595TE6', 'NDARWR509KGZ', 'NDARWT274EX1', 'NDARWT694TXM', 'NDARWU018VDB', 'NDARWU674GXN', 'NDARWV677EFC', 'NDARWV938NKD', 'NDARWW174PA5', 'NDARWW480TU2', 'NDARWW820WZN', 'NDARWX376FTQ', 'NDARWX711LBK', 'NDARWY198BVY', 'NDARWY235XNE', 'NDARWY514DEX', 'NDARWZ346RV4', 'NDARWZ865ZMK', 'NDARXA671NZL', 'NDARXB250PAC', 'NDARXB286YBR', 'NDARXC266NHY', 'NDARXC534KT4', 'NDARXD345GBN', 'NDARXE132BTC', 'NDARXE242KMQ', 'NDARXE638NCB', 'NDARXE684LUY', 'NDARXE854EDK', 'NDARXF159HTA', 'NDARXF441RHQ', 'NDARXF497LYF', 'NDARXG646PM9', 'NDARXG670HFE', 'NDARXG799KWJ', 'NDARXG995EV6', 'NDARXH017ZLE', 'NDARXH067CGV', 'NDARXH140YZ0', 'NDARXH270TJ8', 'NDARXH393TMM', 'NDARXH529MTX', 'NDARXJ452HAJ', 'NDARXJ624ZF2', 'NDARXJ973GFA', 'NDARXK009VGV', 'NDARXK076XU8', 'NDARXK164TNN', 'NDARXK893KLX', 'NDARXL023GFG', 'NDARXL023NG9', 'NDARXL523GHX', 'NDARXL534AZA', 'NDARXL801JVG', 'NDARXM200CFE', 'NDARXN764AC7', 'NDARXN893UEZ', 'NDARXP557DLJ', 'NDARXR123PFR', 'NDARXT222XYH', 'NDARXT822TAA', 'NDARXU018RGY', 'NDARXU376FDN', 'NDARXU715EGL', 'NDARXU883NMY', 'NDARXU995GAJ', 'NDARXV294YRJ', 'NDARXV702MYC', 'NDARXW045HPY', 'NDARXW276NXN', 'NDARXY240WJC', 'NDARXY532ZTT', 'NDARYA030ZG7', 'NDARYA851GL6', 'NDARYA877HN5', 'NDARYB432MB5', 'NDARYC243UW5', 'NDARYC466ER1', 'NDARYD958HAX', 'NDARYE379GGT', 'NDARYF085LZQ', 'NDARYF135ZHU', 'NDARYF463RKF', 'NDARYG331FLY', 'NDARYG391PMU', 'NDARYG546ZFF', 'NDARYG665JUD', 'NDARYG819TE6', 'NDARYH951HH5', 'NDARYJ301DYN', 'NDARYJ536MCR', 'NDARYJ638RTN', 'NDARYJ694EU0', 'NDARYK042VMG', 'NDARYL443NG6', 'NDARYL771XDP', 'NDARYM277DEA', 'NDARYM334BZ5', 'NDARYM994YF0', 'NDARYN254VW6', 'NDARYP495KFK', 'NDARYP863PZ4', 'NDARYR958FZ9', 'NDARYT155NHX', 'NDARYT332LMM', 'NDARYT405NET', 'NDARYU120NDA', 'NDARYU575CE2', 'NDARYV571RJJ', 'NDARYW170CAA', 'NDARYW903VN8', 'NDARYW984FLT', 'NDARYX133FFQ', 'NDARYX592YYR', 'NDARYX806FL1', 'NDARYX853TAX', 'NDARYX965RWP', 'NDARYY218LU2', 'NDARYY664KHF', 'NDARYZ161MYP', 'NDARYZ489EHH', 'NDARYZ770NA1', 'NDARYZ871DXQ', 'NDARYZ909VND', 'NDARYZ946EUH', 'NDARYZ986HEW', 'NDARZ6064CX2', 'NDARZA511FYF', 'NDARZA694WHF', 'NDARZB128KCF', 'NDARZC021TF4', 'NDARZD985LU8', 'NDARZE217JHK', 'NDARZE831DKC', 'NDARZE850WXD', 'NDARZF292VZA', 'NDARZF602KU6', 'NDARZF615DC0', 'NDARZF625MH8', 'NDARZF949WTW', 'NDARZG623FYX', 'NDARZG861CXJ', 'NDARZH521MMD', 'NDARZH629NVF', 'NDARZJ460RWZ', 'NDARZK601NG9', 'NDARZK631UMQ', 'NDARZL113CU0', 'NDARZL799MFW', 'NDARZL855WVA', 'NDARZM865KE8', 'NDARZN123CKG', 'NDARZN277NR6', 'NDARZN578YDP', 'NDARZN677EYE', 'NDARZN899JCM', 'NDARZP065VGY', 'NDARZP599GRG', 'NDARZR412TBP', 'NDARZT096AUP', 'NDARZU391KB0', 'NDARZV132DRG', 'NDARZV608BL8', 'NDARZV766YXP', 'NDARZW013RUH', 'NDARZW472CCF', 'NDARZW619BDL', 'NDARZW662UK6', 'NDARZW854BH0', 'NDARZX163EWC', 'NDARZX561DR9', 'NDARZY668NMV', 'NDARZZ046HJA', 'NDARZZ740MLM', 'NDARLT294VUD', 'NDARAR160ZPZ', 'NDARAV082JHA', 'NDARAY006MJB', 'NDARCB869VM8', 'NDARFV973BE1', 'NDARJE631GEN', 'NDARNC261HDT', 'NDARNJ885TY4', 'NDARRG973HJQ', 'NDARRX897XV1', 'NDARRY217HD3', 'NDARTC888FYZ', 'NDARTF825ADA', 'NDARXW693MLG', 'NDARAA112DMH', 'NDARAD256AHU', 'NDARAE854KGZ', 'NDARAH373VWM', 'NDARAV031PPJ', 'NDARBC202FT0', 'NDARBK351KUH', 'NDARCH838TY6', 'NDARCJ475WJP', 'NDARCX004NU5', 'NDARCY072MZ7', 'NDARCZ236ERR', 'NDARDG644LJX', 'NDARDN831CXJ', 'NDARDW463WFD', 'NDAREC447FDH', 'NDARER386NRV', 'NDARET671FTC', 'NDAREX531PXT', 'NDARFB263RJK', 'NDARFB424ZEF', 'NDARFD451BBM', 'NDARFE868RRJ', 'NDARFF594NRV', 'NDARFH463EZ3', 'NDARFM327MGW', 'NDARFR000PC6', 'NDARFV557XAA', 'NDARGB467PK5', 'NDARGH230EG2', 'NDARGN205MUG', 'NDARGR499GKJ', 'NDARHD100UMG', 'NDARHE236YLB', 'NDARHE877ZD1', 'NDARHM294VK2', 'NDARHN749RW4', 'NDARHU211PYD', 'NDARHX021WA4', 'NDARJC848TLE', 'NDARJH159UD4', 'NDARJX025DG3', 'NDARKF108LAN', 'NDARKJ743AE4', 'NDARKM061NHZ', 'NDARKM876ZHK', 'NDARLD501HDK', 'NDARLF358WK1', 'NDARLR168NP5', 'NDARMB458AWY', 'NDARMD107GMK', 'NDARMH677JDM', 'NDARMT872JZZ', 'NDARNK887LAG', 'NDARNL765BBR', 'NDARNM722GA4', 'NDARNT461KNF', 'NDARNU489CV0', 'NDARNX218VBX', 'NDARPD439RPL', 'NDARPM002AXQ', 'NDARPP255LGE', 'NDARPX775AED', 'NDARRG687BKZ', 'NDARTH065GZ0', 'NDARUM518PU1', 'NDARUP000VHQ', 'NDARUZ807GNL', 'NDARVD547NLC', 'NDARVP799KGY', 'NDARVV976GFL', 'NDARWC925WDX', 'NDARXD388TTE', 'NDARXM551CTE', 'NDARXR530NUQ', 'NDARXU409JCU', 'NDARXZ783MPY', 'NDARYC834ML4', 'NDARYK657ZLC', 'NDARYL124VM6', 'NDARYZ433UL5', 'NDARZL162HZH', 'NDARZX667AT5', 'NDARFX721WR8', 'NDARXN278KTH', 'NDARCD401HGZ', 'NDARGB441VVD', 'NDARPJ151ERK', 'NDARTR840XP1', 'NDARXJ696AMX', 'NDARAA075AMK', 'NDARAC904DMU', 'NDARAE012DGA', 'NDARAM277WZT', 'NDARAN385MDH', 'NDARAP522AFK', 'NDARAT100AEQ', 'NDARAV610EY3', 'NDARAX283MAK', 'NDARBA521RA8', 'NDARBF998MBA', 'NDARBG819PT9', 'NDARBH024NH2', 'NDARBK082PDD', 'NDARBL117AUV', 'NDARBN100LCD', 'NDARBT436PMT', 'NDARBV150TX1', 'NDARCD182XT1', 'NDARCE721YB5', 'NDARCG808HDJ', 'NDARCH514JCT', 'NDARCJ363KLE', 'NDARCJ667UPL', 'NDARCL253KU1', 'NDARCM050BN2', 'NDARCR576EV1', 'NDARCU891YET', 'NDARCW963FP9', 'NDARCX053GU5', 'NDARCY178KJP', 'NDARDC814WW2', 'NDARDH086ZKK', 'NDARDL511UND', 'NDARDN489EXJ', 'NDARDR296XHN', 'NDARDR804MFE', 'NDARDT800YVF', 'NDARDX872VH6', 'NDAREA136BDX', 'NDARED047DTH', 'NDAREF389RY2', 'NDAREG013BLG', 'NDAREG590BNY', 'NDAREH074NG8', 'NDAREK549XUQ', 'NDAREL622FA6', 'NDAREM703YFD', 'NDARET653TAM', 'NDAREU551GPC', 'NDAREW201WD9', 'NDAREW430AYU', 'NDAREW661NZJ', 'NDAREW976FNL', 'NDAREX065KJU', 'NDARFG851ZNZ', 'NDARFJ988HKR', 'NDARFK610GY5', 'NDARFN854EJB', 'NDARFP813TL5', 'NDARFR109LKT', 'NDARFW292PBD', 'NDARFY075REK', 'NDARFZ700FAH', 'NDARGD507TDZ', 'NDARGF543PM2', 'NDARGG205WVN', 'NDARGH592NZ2', 'NDARGH790CEF', 'NDARGN721GKT', 'NDARGT022BEW', 'NDARGT634DUJ', 'NDARGT682ZWN', 'NDARGV956EGX', 'NDARGW450YUX', 'NDARGX443CEU', 'NDARHB000YF8', 'NDARHB764VZ2', 'NDARHM304AXP', 'NDARHR748HK2', 'NDARHV915YXJ', 'NDARHX252NVH', 'NDARJ257ZU2', 'NDARJB355YHK', 'NDARJF322BN4', 'NDARJH441HJD', 'NDARJH910CGX', 'NDARJJ343TR0', 'NDARJM708VGE', 'NDARJV377HG4', 'NDARJW989EM6', 'NDARJX121GKP', 'NDARKH837TB2', 'NDARKK745DHA', 'NDARKL327VRH', 'NDARKN437DBN', 'NDARKR010EN7', 'NDARKT811ATJ', 'NDARKU278YRR', 'NDARLA516PH1', 'NDARLA998XAC', 'NDARLE091XAZ', 'NDARLF446MT5', 'NDARLJ886BFK', 'NDARLM196YRG', 'NDARLU111UYF', 'NDARLV387GP4', 'NDARLX816JUZ', 'NDARLX836EHJ', 'NDARLY114PDC', 'NDARLZ104NDT', 'NDARMB290GPL', 'NDARMC759CX3', 'NDARMC760NEC', 'NDARMD575AXD', 'NDARME930DE7', 'NDARMF508PA2', 'NDARMJ333WJM', 'NDARMM486AJU', 'NDARMM782KJK', 'NDARMT882AWE', 'NDARMV575DC1', 'NDARMW178UDD', 'NDARMW252AJW', 'NDARMX482GWR', 'NDARND697FLK', 'NDARNF449FMU', 'NDARNG689AAP', 'NDARNH147WGN', 'NDARNH342XLK', 'NDARNK489GNR', 'NDARNP399JVF', 'NDARNT939YMG', 'NDARNV983DET', 'NDARPC817XZ5', 'NDARPE056ACA', 'NDARPE752VYE', 'NDARPF042DD2', 'NDARPH022TRY', 'NDARPL596YTD', 'NDARPP337KUQ', 'NDARPT777FDA', 'NDARPW482TVE', 'NDARPX661BF1', 'NDARPZ621ZLE', 'NDARRB338YZ0', 'NDARRD326KB9', 'NDARRE333EKT', 'NDARRG199RU4', 'NDARRG415BJM', 'NDARRU499DP2', 'NDARRV002MA8', 'NDARRV480PU1', 'NDARRV638MJV', 'NDARRY280KNW', 'NDARRY785GLM', 'NDARRZ199KNG', 'NDARRZ653HKY', 'NDARTC527WPZ', 'NDARTD290AY0', 'NDARTF150VPJ', 'NDARTF566PYH', 'NDARTH473LF8', 'NDARTK185PBH', 'NDARTK507RJW', 'NDARTN173MXV', 'NDARTU768MY1', 'NDARUA421HT8', 'NDARUC356FCD', 'NDARUD394JAW', 'NDARUD764NFJ', 'NDARUF069EHR', 'NDARUF152ARR', 'NDARUF935UL3', 'NDARUG323DM3', 'NDARUK719URM', 'NDARUL250RA6', 'NDARUL456EER', 'NDARUM569EV1', 'NDARUP249AMD', 'NDARUR987CDM', 'NDARUW816MP3', 'NDARUY549PGQ', 'NDARUY811CYU', 'NDARVC195NLH', 'NDARVE724GEF', 'NDARVF852TZ4', 'NDARVL555VVA', 'NDARVL878GRA', 'NDARVP281CJ4', 'NDARVV473XTY', 'NDARVV926KLM', 'NDARWA276AW0', 'NDARWA544RDT', 'NDARWC427JB2', 'NDARWM656UWL', 'NDARWP864WGV', 'NDARWR247CE1', 'NDARWR628EFJ', 'NDARWU447TL0', 'NDARWV794VM2', 'NDARWW901MTC', 'NDARWX051KEV', 'NDARXC418YG7', 'NDARXE912NZP', 'NDARXF358XGE', 'NDARXH597ML1', 'NDARXU253JHC', 'NDARXU437UFZ', 'NDARXV445NYZ', 'NDARXV930FRQ', 'NDARXX895FNJ', 'NDARXZ685TU4', 'NDARXZ902NFM', 'NDARYA503XVQ', 'NDARYD546HCB', 'NDARYH110YV9', 'NDARYH182BBV', 'NDARYJ389DWX', 'NDARYK164AEJ', 'NDARYL272HDW', 'NDARYL758JGG', 'NDARYP516VUU', 'NDARYU290HJ3', 'NDARYW789GNP', 'NDARZC058BA5', 'NDARZD415ZZ1', 'NDARZG263HRK', 'NDARZK709KEY', 'NDARZR529EJ1', 'NDARZR567HWG', 'NDARZV421TCZ', 'NDARZW363UGM', 'NDARAU447JZH', 'NDARFB784LDG', 'NDARFC233RND', 'NDARHW270BD0', 'NDARPC425VY2', 'NDARUL596DY9', 'NDARVA448GRT', 'NDARZX384XVQ', 'NDARAB653ZXP', 'NDARAM675UR8', 'NDARBY518PRN', 'NDARGL800LDW', 'NDARGT409NJZ', 'NDARHJ945PV0', 'NDARJW315BUA', 'NDARLA395AG8', 'NDARLU606ZDD', 'NDARMG839NNU', 'NDARML514ZFM', 'NDARNU249EDF', 'NDARRD501NH5', 'NDARTX843YTH', 'NDARTX934NH6', 'NDARUA481FK4', 'NDARWV091RWT', 'NDARYD201BJ5', 'NDARYR692VVC', 'NDARYR771VED', 'NDARGP297VPE', 'NDARMW755YVG']}
