features-all-questions-spec.json, target-Diagnosis-ADHD-Subtype-spec.json, pydraml3-spec.json, participants-adhd-inattentive_type-male-spec.json,will be saved to: /orcd/data/satra/001/users/maedbh/hbn_data/interim/models/Release11_Apr2024/july_adhd_dx_subtypes/
specs are saved in /orcd/data/satra/001/users/maedbh/healthy_brain_network/model_specs, data are saved in /orcd/data/satra/001/users/maedbh/hbn_data/interim/phenotypes/Release11_Apr2024
base directory is: /orcd/data/satra/001/users/maedbh/healthy_brain_network
created pydraml specs, saved to /orcd/data/satra/001/users/maedbh/healthy_brain_network/model_specs
created participant specs, saved to /orcd/data/satra/001/users/maedbh/healthy_brain_network/model_specs
created feature specs, saved to /orcd/data/satra/001/users/maedbh/healthy_brain_network/model_specs
created target specs, saved to /orcd/data/satra/001/users/maedbh/healthy_brain_network/model_specs
run phenotypic models
created pydraml specs, saved to /orcd/data/satra/001/users/maedbh/healthy_brain_network/model_specs
created participant specs, saved to /orcd/data/satra/001/users/maedbh/healthy_brain_network/model_specs
created feature specs, saved to /orcd/data/satra/001/users/maedbh/healthy_brain_network/model_specs
created target specs, saved to /orcd/data/satra/001/users/maedbh/healthy_brain_network/model_specs
combined features and targets
filtered participants
created new file: features-train.csv and model spec file: model_spec-train.json in /orcd/scratch/bcs/001/maedbh/HBN_Models//2025-07-03_05-52-08-84
created new file: features-test.csv and model spec file: model_spec-test.json in /orcd/scratch/bcs/001/maedbh/HBN_Models//2025-07-03_05-52-08-84
changing directory to /orcd/scratch/bcs/001/maedbh/HBN_Models//2025-07-03_05-52-08-84 and running /orcd/scratch/bcs/001/maedbh/HBN_Models//2025-07-03_05-52-08-84/model_spec-train.json
feature summary saved to disk
model summary saved to disk
roc_auc_score      0.89881
f1_score           0.76447
precision_score    0.78354
recall_score       0.76619
dtype: float64
Copied data from /orcd/scratch/bcs/001/maedbh/HBN_Models//2025-07-03_05-52-08-84 to /orcd/data/satra/001/users/maedbh/hbn_data/interim/models/Release11_Apr2024/july_adhd_dx_subtypes/
